// Vitest Snapshot v1, https://vitest.dev/guide/snapshot.html

exports[`About component > Renders the about page 1`] = `
<div>
  <main
    class="_main_400349"
  >
    <header
      class="_header_400349"
    >
      <h1
        class="_h1_400349"
      >
        Our Story
      </h1>
      <p
        class="_photoCredit_400349"
      >
        Photo by
         
        <a
          href="https://unsplash.com/@goodbetterbetts?utm_content=creditCopyText&utm_medium=referral&utm_source=unsplash"
        >
          Aaron Betts
        </a>
      </p>
    </header>
    <div
      class="_text_400349"
    >
      <p>
        Lorem ipsum dolor sit, amet consectetur adipisicing elit. Vitae, perferendis officia quasi expedita consectetur eveniet maxime quis sunt aperiam ipsum totam cumque modi eos minima excepturi. Officiis necessitatibus ea repellendus. Veniam quaerat atque officiis dolores. Sunt recusandae excepturi dolorum, amet error totam tempore rerum officiis blanditiis doloribus dolorem vitae assumenda ullam, consequatur molestias debitis esse labore dignissimos, ab veritatis! Aut impedit quam aliquid ipsa amet qui quibusdam quia veritatis est vitae iure modi laborum exercitationem ea velit cupiditate vel dicta ipsam, veniam laboriosam itaque? Temporibus, pariatur unde! Minus vero neque laudantium consequuntur molestias animi quas repudiandae reprehenderit, alias, ipsam nulla?
      </p>
      <div
        class="_buttonContainer_400349"
      >
        <button
          class="_btn_400349"
        >
          Link #1
        </button>
        <button
          class="_btn_400349"
        >
          Link #2
        </button>
      </div>
    </div>
  </main>
</div>
`;
